══ FIRST WALK ══════════════════════════════════════════
goal: Click the Applications menu in the top panel

[pre] 8B brain on :8080 — up
[pre] classifier on :8081 — up
[vm] booting…
[vm] ssh up after 12.004408994s
[vm] X up

[walk] handing goal to hydra::run — watching…

[agent] {"kind":"status","payload":{"detail":"Click the Applications menu in the top panel","state":"goal_received"},"v":1}
[agent] {"kind":"permission","payload":{"action":"click(selector=\"el_4\")","id":"8fd554a4-a03d-4a0e-b904-7b8398c13890","origin_agent":"main","origin_surface":"immersive","reason":"Write action requires confirmation","tool":"click","type":"tap"},"v":1}
[walk]  ↳ HITL gate fired — auto-approving (#1)
[agent] {"kind":"action_log","payload":{"text":"click(selector=\"el_4\") -> Clicked el_4 at (768,776)"},"v":1}
[agent] {"kind":"permission","payload":{"action":"click(selector=\"el_4\")","id":"e43fffa0-2507-426f-9087-52be854b9b91","origin_agent":"main","origin_surface":"immersive","reason":"Write action requires confirmation","tool":"click","type":"typed"},"v":1}
[walk]  ↳ HITL gate fired — auto-approving (#2)
[agent] {"kind":"action_log","payload":{"text":"click(selector=\"el_4\") -> Clicked el_4 at (849,461)"},"v":1}
[agent] {"kind":"permission","payload":{"action":"click(selector=\"el_5\")","id":"008de562-cded-4ce3-9ff1-851f86cf82a4","origin_agent":"main","origin_surface":"immersive","reason":"Write action requires confirmation","tool":"click","type":"tap"},"v":1}
[walk]  ↳ HITL gate fired — auto-approving (#3)
[agent] {"kind":"action_log","payload":{"text":"click(selector=\"el_5\") -> Clicked el_5 at (768,776)"},"v":1}
[agent] {"kind":"permission","payload":{"action":"click(selector=\"el_12\")","id":"3901921e-b40a-42e2-8653-e51a1d14202a","origin_agent":"main","origin_surface":"immersive","reason":"Write action requires confirmation","tool":"click","type":"typed"},"v":1}
[walk]  ↳ HITL gate fired — auto-approving (#4)
[agent] {"kind":"action_log","payload":{"text":"click(selector=\"el_12\") -> Clicked el_12 at (849,637)"},"v":1}
[agent] {"kind":"permission","payload":{"action":"click(selector=\"el_22\")","id":"7c2c1d71-7929-4d20-a75c-cc1723480bf3","origin_agent":"main","origin_surface":"immersive","reason":"Write action requires confirmation","tool":"click","type":"typed"},"v":1}
[walk]  ↳ HITL gate fired — auto-approving (#5)
[agent] {"kind":"action_log","payload":{"text":"click(selector=\"el_22\") -> Clicked el_22 at (768,776)"},"v":1}
[agent] {"kind":"permission","payload":{"action":"click(selector=\"el_5\")","id":"afcdbdf6-7c05-4b60-89d3-c3b0e369d2f2","origin_agent":"main","origin_surface":"immersive","reason":"Write action requires confirmation","tool":"click","type":"tap"},"v":1}
[walk]  ↳ HITL gate fired — auto-approving (#6)
[agent] {"kind":"action_log","payload":{"text":"click(selector=\"el_5\") -> Clicked el_5 at (768,776)"},"v":1}
[agent] {"kind":"permission","payload":{"action":"click(selector=\"el_5\")","id":"d9a92e80-133c-4c80-8b81-e9730c752625","origin_agent":"main","origin_surface":"immersive","reason":"Write action requires confirmation","tool":"click","type":"typed"},"v":1}
[walk]  ↳ HITL gate fired — auto-approving (#7)
[agent] {"kind":"action_log","payload":{"text":"click(selector=\"el_5\") -> Clicked el_5 at (849,461)"},"v":1}
[agent] {"kind":"permission","payload":{"action":"click(selector=\"el_5\")","id":"a208195e-2310-4cf3-9d0a-7f09c9e710fe","origin_agent":"main","origin_surface":"immersive","reason":"Write action requires confirmation","tool":"click","type":"typed"},"v":1}
[walk]  ↳ HITL gate fired — auto-approving (#8)
[agent] {"kind":"action_log","payload":{"text":"click(selector=\"el_5\") -> Clicked el_5 at (768,776)"},"v":1}
[agent] {"kind":"permission","payload":{"action":"click(selector=\"el_11\")","id":"89c67339-1dc3-46c0-ad79-06fc7e0a09e2","origin_agent":"main","origin_surface":"immersive","reason":"Write action requires confirmation","tool":"click","type":"typed"},"v":1}
[walk]  ↳ HITL gate fired — auto-approving (#9)
[agent] {"kind":"action_log","payload":{"text":"click(selector=\"el_11\") -> Clicked el_11 at (849,612)"},"v":1}
[agent] {"kind":"permission","payload":{"action":"click(selector=\"el_5\")","id":"74f4b0f7-fad6-4273-b94f-3f8f1178e1eb","origin_agent":"main","origin_surface":"immersive","reason":"Write action requires confirmation","tool":"click","type":"typed"},"v":1}
[walk]  ↳ HITL gate fired — auto-approving (#10)
[agent] {"kind":"action_log","payload":{"text":"click(selector=\"el_5\") -> Clicked el_5 at (849,461)"},"v":1}
[agent] {"kind":"permission","payload":{"action":"click(selector=\"el_4\")","id":"16bf1f3d-a10f-4bce-b156-bd1056ba913b","origin_agent":"main","origin_surface":"immersive","reason":"Write action requires confirmation","tool":"click","type":"typed"},"v":1}
[walk]  ↳ HITL gate fired — auto-approving (#11)
[agent] {"kind":"action_log","payload":{"text":"click(selector=\"el_4\") -> Clicked el_4 at (512,894)"},"v":1}
[agent] {"kind":"permission","payload":{"action":"click(selector=\"el_5\")","id":"6d18b010-c85a-4954-904b-8b7e2ceb41f0","origin_agent":"main","origin_surface":"immersive","reason":"Write action requires confirmation","tool":"click","type":"typed"},"v":1}
[walk]  ↳ HITL gate fired — auto-approving (#12)
[agent] {"kind":"action_log","payload":{"text":"click(selector=\"el_5\") -> Clicked el_5 at (768,776)"},"v":1}
[agent] {"kind":"permission","payload":{"action":"click(selector=\"el_5\")","id":"d83294fc-8acd-4203-91ae-1a17d2349963","origin_agent":"main","origin_surface":"immersive","reason":"Write action requires confirmation","tool":"click","type":"typed"},"v":1}
[walk]  ↳ HITL gate fired — auto-approving (#13)
[agent] {"kind":"action_log","payload":{"text":"click(selector=\"el_5\") -> Clicked el_5 at (849,461)"},"v":1}
[agent] {"kind":"permission","payload":{"action":"click(selector=\"el_4\")","id":"3800f904-d571-4423-a9e8-5a4bb815440a","origin_agent":"main","origin_surface":"immersive","reason":"Write action requires confirmation","tool":"click","type":"typed"},"v":1}
[walk]  ↳ HITL gate fired — auto-approving (#14)
[agent] {"kind":"action_log","payload":{"text":"click(selector=\"el_4\") -> Clicked el_4 at (512,894)"},"v":1}
[agent] {"kind":"action_log","payload":{"text":"I've stalled on this and can't make progress on my own — handing back to you for direction."},"v":1}
[agent] {"kind":"status","payload":{"detail":"I've stalled on this and can't make progress on my own — handing back to you for direction.","state":"goal_done"},"v":1}

[walk] pipeline returned cleanly in 75.484467344s
[walk] HITL gate fired 14 time(s)
[walk] screen delta across the whole walk: 48 of 48 cells changed (frames kept at /dev/shm/first_walk_before.png / /dev/shm/first_walk_after.png)

── final screen (first 12 lines) ──
    | [focused: laputa - Thunar]
    |      ref_1  toggle button   "Applications"  (0,0,102,26)
    |      ref_2  toggle button   "Thunar"  (110,0,200,26)
    |      ref_3  toggle button   ""  (1101,0,26,26)
    |      ref_4  toggle button   "2026-06-17"  (1161,0,68,26)
    |      ref_5  toggle button   "Show Desktop"  (488,752,48,48)
    |      ref_6  toggle button   "Directory Menu"  (744,752,48,48)

[first_walk] done — total 81.59037208s
