══ FIRST WALK ══════════════════════════════════════════
goal: Open the Applications menu then open the File Manager

[pre] 8B brain on :8080 — up
[pre] classifier on :8081 — up
[vm] booting…
[vm] ssh up after 11.494824668s
[vm] X up

[walk] handing goal to hydra::run — watching…

[agent] {"kind":"status","payload":{"detail":"Open the Applications menu then open the File Manager","state":"goal_received"},"v":1}
[agent] {"kind":"permission","payload":{"action":"click(selector=\"el_6\")","id":"944a3cb2-5404-4fe9-bff1-d09a435c7bc6","origin_agent":"main","origin_surface":"immersive","reason":"Write action requires confirmation","tool":"click","type":"typed"},"v":1}
[walk]  ↳ HITL gate fired — auto-approving (#1)
[agent] {"kind":"action_log","payload":{"text":"click(selector=\"el_6\") -> Clicked el_6 at (768,776)"},"v":1}
[agent] {"kind":"action_log","payload":{"text":"No on-screen element matches the current step; re-perceiving."},"v":1}
[agent] {"kind":"action_log","payload":{"text":"No on-screen element matches the current step; re-perceiving."},"v":1}
[agent] {"kind":"action_log","payload":{"text":"I've stalled on this and can't make progress on my own — handing back to you for direction."},"v":1}
[agent] {"kind":"status","payload":{"detail":"I've stalled on this and can't make progress on my own — handing back to you for direction.","state":"goal_done"},"v":1}

[walk] pipeline returned cleanly in 15.378972102s
[walk] HITL gate fired 1 time(s)
[walk] screen delta across the whole walk: 7 of 48 cells changed (frames kept at /dev/shm/first_walk_before.png / /dev/shm/first_walk_after.png)

── final screen (first 12 lines) ──
    | [focused: (desktop)]
    |      ref_1  toggle button   "Applications"  (0,0,102,26)
    |      ref_2  toggle button   ""  (1101,0,26,26)
    |      ref_3  toggle button   ""  (1127,0,26,26)
    |      ref_4  toggle button   "2026-06-17"  (1161,0,68,26)
    |      ref_5  toggle button   "laputa"  (1237,0,43,26)
    |      ref_6  toggle button   "Show Desktop"  (488,752,48,48)
    |      ref_7  toggle button   "Directory Menu"  (744,752,48,48)
    |      ref_8  menu            ""  (744,447,211,305)
    |      ref_9  menu item       "Open Folder"  (744,449,211,25)
    |     ref_10  menu item       "Open in Terminal"  (744,474,211,25)
    |     ref_11  menu item       "Create Folder..."  (744,499,211,25)

[first_walk] done — total 19.809628411s
